2026-03-21 00:33:16.730 [restartedMain] INFO  c.example.Portal.PortalApplication - Starting PortalApplication using Java 21.0.9 with PID 9036 (G:\MyPortal\Portal\target\classes started by PAWAN in G:\MyPortal)
2026-03-21 00:33:16.741 [restartedMain] INFO  c.example.Portal.PortalApplication - No active profile set, falling back to 1 default profile: "default"
2026-03-21 00:33:17.238 [restartedMain] INFO  o.s.b.d.restart.ChangeableUrls - The Class-Path manifest attribute in C:\Users\PAWAN\.m2\repository\com\oracle\database\jdbc\ojdbc11\23.3.0.23.09\ojdbc11-23.3.0.23.09.jar referenced one or more files that do not exist: file:/C:/Users/PAWAN/.m2/repository/com/oracle/database/jdbc/ojdbc11/23.3.0.23.09/oraclepki.jar
2026-03-21 00:33:17.240 [restartedMain] INFO  o.s.b.d.e.DevToolsPropertyDefaultsPostProcessor - Devtools property defaults active! Set 'spring.devtools.add-properties' to 'false' to disable
2026-03-21 00:33:17.240 [restartedMain] INFO  o.s.b.d.e.DevToolsPropertyDefaultsPostProcessor - For additional web related logging consider setting the 'logging.level.web' property to 'DEBUG'
2026-03-21 00:33:21.124 [restartedMain] INFO  o.s.d.r.c.RepositoryConfigurationDelegate - Bootstrapping Spring Data JPA repositories in DEFAULT mode.
2026-03-21 00:33:21.426 [restartedMain] INFO  o.s.d.r.c.RepositoryConfigurationDelegate - Finished Spring Data repository scanning in 270 ms. Found 15 JPA repository interfaces.
2026-03-21 00:33:22.420 [restartedMain] INFO  o.s.cloud.context.scope.GenericScope - BeanFactory id=b4bf4ef4-577a-3e49-8069-a25e8a1ad954
2026-03-21 00:33:27.426 [restartedMain] INFO  o.s.b.w.e.tomcat.TomcatWebServer - Tomcat initialized with port 8080 (http)
2026-03-21 00:33:27.473 [restartedMain] INFO  o.a.coyote.http11.Http11NioProtocol - Initializing ProtocolHandler ["http-nio-8080"]
2026-03-21 00:33:27.504 [restartedMain] INFO  o.a.catalina.core.StandardService - Starting service [Tomcat]
2026-03-21 00:33:27.505 [restartedMain] INFO  o.a.catalina.core.StandardEngine - Starting Servlet engine: [Apache Tomcat/10.1.31]
2026-03-21 00:33:27.751 [restartedMain] INFO  o.a.c.c.C.[Tomcat].[localhost].[/] - Initializing Spring embedded WebApplicationContext
2026-03-21 00:33:27.752 [restartedMain] INFO  o.s.b.w.s.c.ServletWebServerApplicationContext - Root WebApplicationContext: initialization completed in 10508 ms
2026-03-21 00:33:29.837 [restartedMain] INFO  o.h.jpa.internal.util.LogHelper - HHH000204: Processing PersistenceUnitInfo [name: default]
2026-03-21 00:33:30.221 [restartedMain] INFO  org.hibernate.Version - HHH000412: Hibernate ORM core version 6.5.3.Final
2026-03-21 00:33:30.448 [restartedMain] INFO  o.h.c.i.RegionFactoryInitiator - HHH000026: Second-level cache disabled
2026-03-21 00:33:32.558 [restartedMain] INFO  o.s.o.j.p.SpringPersistenceUnitInfo - No LoadTimeWeaver setup: ignoring JPA class transformer
2026-03-21 00:33:32.719 [restartedMain] INFO  com.zaxxer.hikari.HikariDataSource - HikariCP - Starting...
2026-03-21 00:33:37.447 [restartedMain] INFO  com.zaxxer.hikari.pool.HikariPool - HikariCP - Added connection oracle.jdbc.driver.T4CConnection@27aa2d14
2026-03-21 00:33:37.447 [restartedMain] INFO  com.zaxxer.hikari.HikariDataSource - HikariCP - Start completed.
2026-03-21 00:33:51.823 [restartedMain] INFO  o.h.e.t.j.p.i.JtaPlatformInitiator - HHH000489: No JTA platform available (set 'hibernate.transaction.jta.platform' to enable JTA platform integration)
2026-03-21 00:33:54.467 [restartedMain] INFO  o.h.t.s.e.i.AbstractInformationExtractorImpl - HHH000475: Cannot locate column information using identifier [SYS_NC00010$]; ignoring index [IDX_ANN_PUBLISH_AT]
2026-03-21 00:34:00.960 [restartedMain] INFO  o.s.o.j.LocalContainerEntityManagerFactoryBean - Initialized JPA EntityManagerFactory for persistence unit 'default'
2026-03-21 00:34:02.929 [restartedMain] INFO  o.s.d.j.r.query.QueryEnhancerFactory - Hibernate is in classpath; If applicable, HQL parser will be used.
2026-03-21 00:34:07.083 [restartedMain] INFO  o.s.b.d.a.OptionalLiveReloadServer - LiveReload server is running on port 35729
2026-03-21 00:34:07.371 [restartedMain] INFO  o.a.coyote.http11.Http11NioProtocol - Starting ProtocolHandler ["http-nio-8080"]
2026-03-21 00:34:07.409 [restartedMain] INFO  o.s.b.w.e.tomcat.TomcatWebServer - Tomcat started on port 8080 (http) with context path '/'
2026-03-21 00:34:07.524 [restartedMain] INFO  o.a.k.c.consumer.ConsumerConfig - ConsumerConfig values: 
	allow.auto.create.topics = true
	auto.commit.interval.ms = 5000
	auto.include.jmx.reporter = true
	auto.offset.reset = earliest
	bootstrap.servers = [localhost:9092]
	check.crcs = true
	client.dns.lookup = use_all_dns_ips
	client.id = consumer-notification-id-1
	client.rack = 
	connections.max.idle.ms = 540000
	default.api.timeout.ms = 60000
	enable.auto.commit = false
	enable.metrics.push = true
	exclude.internal.topics = true
	fetch.max.bytes = 52428800
	fetch.max.wait.ms = 500
	fetch.min.bytes = 1
	group.id = notification-id
	group.instance.id = null
	group.protocol = classic
	group.remote.assignor = null
	heartbeat.interval.ms = 3000
	interceptor.classes = []
	internal.leave.group.on.close = true
	internal.throw.on.fetch.stable.offset.unsupported = false
	isolation.level = read_uncommitted
	key.deserializer = class org.apache.kafka.common.serialization.StringDeserializer
	max.partition.fetch.bytes = 1048576
	max.poll.interval.ms = 300000
	max.poll.records = 500
	metadata.max.age.ms = 300000
	metric.reporters = []
	metrics.num.samples = 2
	metrics.recording.level = INFO
	metrics.sample.window.ms = 30000
	partition.assignment.strategy = [class org.apache.kafka.clients.consumer.RangeAssignor, class org.apache.kafka.clients.consumer.CooperativeStickyAssignor]
	receive.buffer.bytes = 65536
	reconnect.backoff.max.ms = 1000
	reconnect.backoff.ms = 50
	request.timeout.ms = 30000
	retry.backoff.max.ms = 1000
	retry.backoff.ms = 100
	sasl.client.callback.handler.class = null
	sasl.jaas.config = null
	sasl.kerberos.kinit.cmd = /usr/bin/kinit
	sasl.kerberos.min.time.before.relogin = 60000
	sasl.kerberos.service.name = null
	sasl.kerberos.ticket.renew.jitter = 0.05
	sasl.kerberos.ticket.renew.window.factor = 0.8
	sasl.login.callback.handler.class = null
	sasl.login.class = null
	sasl.login.connect.timeout.ms = null
	sasl.login.read.timeout.ms = null
	sasl.login.refresh.buffer.seconds = 300
	sasl.login.refresh.min.period.seconds = 60
	sasl.login.refresh.window.factor = 0.8
	sasl.login.refresh.window.jitter = 0.05
	sasl.login.retry.backoff.max.ms = 10000
	sasl.login.retry.backoff.ms = 100
	sasl.mechanism = GSSAPI
	sasl.oauthbearer.clock.skew.seconds = 30
	sasl.oauthbearer.expected.audience = null
	sasl.oauthbearer.expected.issuer = null
	sasl.oauthbearer.jwks.endpoint.refresh.ms = 3600000
	sasl.oauthbearer.jwks.endpoint.retry.backoff.max.ms = 10000
	sasl.oauthbearer.jwks.endpoint.retry.backoff.ms = 100
	sasl.oauthbearer.jwks.endpoint.url = null
	sasl.oauthbearer.scope.claim.name = scope
	sasl.oauthbearer.sub.claim.name = sub
	sasl.oauthbearer.token.endpoint.url = null
	security.protocol = PLAINTEXT
	security.providers = null
	send.buffer.bytes = 131072
	session.timeout.ms = 45000
	socket.connection.setup.timeout.max.ms = 30000
	socket.connection.setup.timeout.ms = 10000
	ssl.cipher.suites = null
	ssl.enabled.protocols = [TLSv1.2, TLSv1.3]
	ssl.endpoint.identification.algorithm = https
	ssl.engine.factory.class = null
	ssl.key.password = null
	ssl.keymanager.algorithm = SunX509
	ssl.keystore.certificate.chain = null
	ssl.keystore.key = null
	ssl.keystore.location = null
	ssl.keystore.password = null
	ssl.keystore.type = JKS
	ssl.protocol = TLSv1.3
	ssl.provider = null
	ssl.secure.random.implementation = null
	ssl.trustmanager.algorithm = PKIX
	ssl.truststore.certificates = null
	ssl.truststore.location = null
	ssl.truststore.password = null
	ssl.truststore.type = JKS
	value.deserializer = class org.springframework.kafka.support.serializer.JsonDeserializer

2026-03-21 00:34:07.745 [restartedMain] INFO  o.a.k.c.t.i.KafkaMetricsCollector - initializing Kafka metrics collector
2026-03-21 00:34:08.010 [restartedMain] INFO  o.a.kafka.common.utils.AppInfoParser - Kafka version: 3.7.1
2026-03-21 00:34:08.012 [restartedMain] INFO  o.a.kafka.common.utils.AppInfoParser - Kafka commitId: e2494e6ffb89f828
2026-03-21 00:34:08.012 [restartedMain] INFO  o.a.kafka.common.utils.AppInfoParser - Kafka startTimeMs: 1774033448008
2026-03-21 00:34:08.029 [restartedMain] INFO  o.a.k.c.c.i.LegacyKafkaConsumer - [Consumer clientId=consumer-notification-id-1, groupId=notification-id] Subscribed to topic(s): payroll-topic
2026-03-21 00:34:08.085 [restartedMain] INFO  c.example.Portal.PortalApplication - Started PortalApplication in 54.717 seconds (process running for 60.542)
2026-03-21 00:34:09.285 [org.springframework.kafka.KafkaListenerEndpointContainer#0-0-C-1] INFO  o.apache.kafka.clients.NetworkClient - [Consumer clientId=consumer-notification-id-1, groupId=notification-id] Node -1 disconnected.
2026-03-21 00:34:09.428 [org.springframework.kafka.KafkaListenerEndpointContainer#0-0-C-1] INFO  o.apache.kafka.clients.NetworkClient - [Consumer clientId=consumer-notification-id-1, groupId=notification-id] Node -1 disconnected.
2026-03-21 00:34:09.589 [org.springframework.kafka.KafkaListenerEndpointContainer#0-0-C-1] INFO  o.apache.kafka.clients.NetworkClient - [Consumer clientId=consumer-notification-id-1, groupId=notification-id] Node -1 disconnected.
2026-03-21 00:34:09.788 [org.springframework.kafka.KafkaListenerEndpointContainer#0-0-C-1] INFO  o.apache.kafka.clients.NetworkClient - [Consumer clientId=consumer-notification-id-1, groupId=notification-id] Node -1 disconnected.
2026-03-21 00:34:10.146 [org.springframework.kafka.KafkaListenerEndpointContainer#0-0-C-1] INFO  o.apache.kafka.clients.NetworkClient - [Consumer clientId=consumer-notification-id-1, groupId=notification-id] Node -1 disconnected.
2026-03-21 00:34:10.912 [org.springframework.kafka.KafkaListenerEndpointContainer#0-0-C-1] INFO  o.apache.kafka.clients.NetworkClient - [Consumer clientId=consumer-notification-id-1, groupId=notification-id] Node -1 disconnected.
2026-03-21 00:34:11.829 [org.springframework.kafka.KafkaListenerEndpointContainer#0-0-C-1] INFO  o.apache.kafka.clients.NetworkClient - [Consumer clientId=consumer-notification-id-1, groupId=notification-id] Node -1 disconnected.
2026-03-21 00:34:12.848 [org.springframework.kafka.KafkaListenerEndpointContainer#0-0-C-1] INFO  o.apache.kafka.clients.NetworkClient - [Consumer clientId=consumer-notification-id-1, groupId=notification-id] Node -1 disconnected.
2026-03-21 00:34:13.695 [org.springframework.kafka.KafkaListenerEndpointContainer#0-0-C-1] INFO  o.apache.kafka.clients.NetworkClient - [Consumer clientId=consumer-notification-id-1, groupId=notification-id] Node -1 disconnected.
2026-03-21 00:34:14.723 [org.springframework.kafka.KafkaListenerEndpointContainer#0-0-C-1] INFO  o.apache.kafka.clients.NetworkClient - [Consumer clientId=consumer-notification-id-1, groupId=notification-id] Node -1 disconnected.
2026-03-21 00:34:15.729 [org.springframework.kafka.KafkaListenerEndpointContainer#0-0-C-1] INFO  o.apache.kafka.clients.NetworkClient - [Consumer clientId=consumer-notification-id-1, groupId=notification-id] Node -1 disconnected.
2026-03-21 00:34:16.759 [org.springframework.kafka.KafkaListenerEndpointContainer#0-0-C-1] INFO  o.apache.kafka.clients.NetworkClient - [Consumer clientId=consumer-notification-id-1, groupId=notification-id] Node -1 disconnected.
2026-03-21 00:34:17.664 [org.springframework.kafka.KafkaListenerEndpointContainer#0-0-C-1] INFO  o.apache.kafka.clients.NetworkClient - [Consumer clientId=consumer-notification-id-1, groupId=notification-id] Node -1 disconnected.
2026-03-21 00:34:18.638 [org.springframework.kafka.KafkaListenerEndpointContainer#0-0-C-1] INFO  o.apache.kafka.clients.NetworkClient - [Consumer clientId=consumer-notification-id-1, groupId=notification-id] Node -1 disconnected.
2026-03-21 00:34:19.480 [org.springframework.kafka.KafkaListenerEndpointContainer#0-0-C-1] INFO  o.apache.kafka.clients.NetworkClient - [Consumer clientId=consumer-notification-id-1, groupId=notification-id] Node -1 disconnected.
2026-03-21 00:34:20.471 [org.springframework.kafka.KafkaListenerEndpointContainer#0-0-C-1] INFO  o.apache.kafka.clients.NetworkClient - [Consumer clientId=consumer-notification-id-1, groupId=notification-id] Node -1 disconnected.
2026-03-21 00:34:21.281 [org.springframework.kafka.KafkaListenerEndpointContainer#0-0-C-1] INFO  o.apache.kafka.clients.NetworkClient - [Consumer clientId=consumer-notification-id-1, groupId=notification-id] Node -1 disconnected.
2026-03-21 00:34:22.191 [org.springframework.kafka.KafkaListenerEndpointContainer#0-0-C-1] INFO  o.apache.kafka.clients.NetworkClient - [Consumer clientId=consumer-notification-id-1, groupId=notification-id] Node -1 disconnected.
2026-03-21 00:34:23.194 [org.springframework.kafka.KafkaListenerEndpointContainer#0-0-C-1] INFO  o.apache.kafka.clients.NetworkClient - [Consumer clientId=consumer-notification-id-1, groupId=notification-id] Node -1 disconnected.
2026-03-21 00:34:24.219 [org.springframework.kafka.KafkaListenerEndpointContainer#0-0-C-1] INFO  o.apache.kafka.clients.NetworkClient - [Consumer clientId=consumer-notification-id-1, groupId=notification-id] Node -1 disconnected.
2026-03-21 00:34:25.221 [org.springframework.kafka.KafkaListenerEndpointContainer#0-0-C-1] INFO  o.apache.kafka.clients.NetworkClient - [Consumer clientId=consumer-notification-id-1, groupId=notification-id] Node -1 disconnected.
2026-03-21 00:34:26.223 [org.springframework.kafka.KafkaListenerEndpointContainer#0-0-C-1] INFO  o.apache.kafka.clients.NetworkClient - [Consumer clientId=consumer-notification-id-1, groupId=notification-id] Node -1 disconnected.
2026-03-21 00:34:27.208 [org.springframework.kafka.KafkaListenerEndpointContainer#0-0-C-1] INFO  o.apache.kafka.clients.NetworkClient - [Consumer clientId=consumer-notification-id-1, groupId=notification-id] Node -1 disconnected.
2026-03-21 00:34:28.240 [org.springframework.kafka.KafkaListenerEndpointContainer#0-0-C-1] INFO  o.apache.kafka.clients.NetworkClient - [Consumer clientId=consumer-notification-id-1, groupId=notification-id] Node -1 disconnected.
2026-03-21 00:34:29.151 [org.springframework.kafka.KafkaListenerEndpointContainer#0-0-C-1] INFO  o.apache.kafka.clients.NetworkClient - [Consumer clientId=consumer-notification-id-1, groupId=notification-id] Node -1 disconnected.
2026-03-21 00:34:30.168 [org.springframework.kafka.KafkaListenerEndpointContainer#0-0-C-1] INFO  o.apache.kafka.clients.NetworkClient - [Consumer clientId=consumer-notification-id-1, groupId=notification-id] Node -1 disconnected.
2026-03-21 00:34:31.035 [org.springframework.kafka.KafkaListenerEndpointContainer#0-0-C-1] INFO  o.apache.kafka.clients.NetworkClient - [Consumer clientId=consumer-notification-id-1, groupId=notification-id] Node -1 disconnected.
2026-03-21 00:34:32.083 [org.springframework.kafka.KafkaListenerEndpointContainer#0-0-C-1] INFO  o.apache.kafka.clients.NetworkClient - [Consumer clientId=consumer-notification-id-1, groupId=notification-id] Node -1 disconnected.
2026-03-21 00:34:33.095 [org.springframework.kafka.KafkaListenerEndpointContainer#0-0-C-1] INFO  o.apache.kafka.clients.NetworkClient - [Consumer clientId=consumer-notification-id-1, groupId=notification-id] Node -1 disconnected.
2026-03-21 00:34:34.101 [org.springframework.kafka.KafkaListenerEndpointContainer#0-0-C-1] INFO  o.apache.kafka.clients.NetworkClient - [Consumer clientId=consumer-notification-id-1, groupId=notification-id] Node -1 disconnected.
2026-03-21 00:34:35.013 [org.springframework.kafka.KafkaListenerEndpointContainer#0-0-C-1] INFO  o.apache.kafka.clients.NetworkClient - [Consumer clientId=consumer-notification-id-1, groupId=notification-id] Node -1 disconnected.
2026-03-21 00:34:36.024 [org.springframework.kafka.KafkaListenerEndpointContainer#0-0-C-1] INFO  o.apache.kafka.clients.NetworkClient - [Consumer clientId=consumer-notification-id-1, groupId=notification-id] Node -1 disconnected.
2026-03-21 00:34:37.035 [org.springframework.kafka.KafkaListenerEndpointContainer#0-0-C-1] INFO  o.apache.kafka.clients.NetworkClient - [Consumer clientId=consumer-notification-id-1, groupId=notification-id] Node -1 disconnected.
2026-03-21 00:34:38.041 [org.springframework.kafka.KafkaListenerEndpointContainer#0-0-C-1] INFO  o.apache.kafka.clients.NetworkClient - [Consumer clientId=consumer-notification-id-1, groupId=notification-id] Node -1 disconnected.
2026-03-21 00:34:39.055 [org.springframework.kafka.KafkaListenerEndpointContainer#0-0-C-1] INFO  o.apache.kafka.clients.NetworkClient - [Consumer clientId=consumer-notification-id-1, groupId=notification-id] Node -1 disconnected.
2026-03-21 00:34:39.924 [org.springframework.kafka.KafkaListenerEndpointContainer#0-0-C-1] INFO  o.apache.kafka.clients.NetworkClient - [Consumer clientId=consumer-notification-id-1, groupId=notification-id] Node -1 disconnected.
2026-03-21 00:34:40.970 [org.springframework.kafka.KafkaListenerEndpointContainer#0-0-C-1] INFO  o.apache.kafka.clients.NetworkClient - [Consumer clientId=consumer-notification-id-1, groupId=notification-id] Node -1 disconnected.
2026-03-21 00:34:42.004 [org.springframework.kafka.KafkaListenerEndpointContainer#0-0-C-1] INFO  o.apache.kafka.clients.NetworkClient - [Consumer clientId=consumer-notification-id-1, groupId=notification-id] Node -1 disconnected.
2026-03-21 00:34:42.871 [org.springframework.kafka.KafkaListenerEndpointContainer#0-0-C-1] INFO  o.apache.kafka.clients.NetworkClient - [Consumer clientId=consumer-notification-id-1, groupId=notification-id] Node -1 disconnected.
2026-03-21 00:34:43.721 [org.springframework.kafka.KafkaListenerEndpointContainer#0-0-C-1] INFO  o.apache.kafka.clients.NetworkClient - [Consumer clientId=consumer-notification-id-1, groupId=notification-id] Node -1 disconnected.
2026-03-21 00:34:44.687 [org.springframework.kafka.KafkaListenerEndpointContainer#0-0-C-1] INFO  o.apache.kafka.clients.NetworkClient - [Consumer clientId=consumer-notification-id-1, groupId=notification-id] Node -1 disconnected.
2026-03-21 00:34:45.719 [org.springframework.kafka.KafkaListenerEndpointContainer#0-0-C-1] INFO  o.apache.kafka.clients.NetworkClient - [Consumer clientId=consumer-notification-id-1, groupId=notification-id] Node -1 disconnected.
2026-03-21 00:34:46.744 [org.springframework.kafka.KafkaListenerEndpointContainer#0-0-C-1] INFO  o.apache.kafka.clients.NetworkClient - [Consumer clientId=consumer-notification-id-1, groupId=notification-id] Node -1 disconnected.
2026-03-21 00:34:47.810 [org.springframework.kafka.KafkaListenerEndpointContainer#0-0-C-1] INFO  o.apache.kafka.clients.NetworkClient - [Consumer clientId=consumer-notification-id-1, groupId=notification-id] Node -1 disconnected.
2026-03-21 00:34:48.858 [org.springframework.kafka.KafkaListenerEndpointContainer#0-0-C-1] INFO  o.apache.kafka.clients.NetworkClient - [Consumer clientId=consumer-notification-id-1, groupId=notification-id] Node -1 disconnected.
2026-03-21 00:34:50.319 [org.springframework.kafka.KafkaListenerEndpointContainer#0-0-C-1] INFO  o.apache.kafka.clients.NetworkClient - [Consumer clientId=consumer-notification-id-1, groupId=notification-id] Node -1 disconnected.
2026-03-21 00:34:51.255 [org.springframework.kafka.KafkaListenerEndpointContainer#0-0-C-1] INFO  o.apache.kafka.clients.NetworkClient - [Consumer clientId=consumer-notification-id-1, groupId=notification-id] Node -1 disconnected.
2026-03-21 00:34:52.206 [org.springframework.kafka.KafkaListenerEndpointContainer#0-0-C-1] INFO  o.apache.kafka.clients.NetworkClient - [Consumer clientId=consumer-notification-id-1, groupId=notification-id] Node -1 disconnected.
2026-03-21 00:34:53.255 [org.springframework.kafka.KafkaListenerEndpointContainer#0-0-C-1] INFO  o.apache.kafka.clients.NetworkClient - [Consumer clientId=consumer-notification-id-1, groupId=notification-id] Node -1 disconnected.
2026-03-21 00:34:54.128 [org.springframework.kafka.KafkaListenerEndpointContainer#0-0-C-1] INFO  o.apache.kafka.clients.NetworkClient - [Consumer clientId=consumer-notification-id-1, groupId=notification-id] Node -1 disconnected.
2026-03-21 00:34:55.097 [org.springframework.kafka.KafkaListenerEndpointContainer#0-0-C-1] INFO  o.apache.kafka.clients.NetworkClient - [Consumer clientId=consumer-notification-id-1, groupId=notification-id] Node -1 disconnected.
2026-03-21 00:34:56.001 [org.springframework.kafka.KafkaListenerEndpointContainer#0-0-C-1] INFO  o.apache.kafka.clients.NetworkClient - [Consumer clientId=consumer-notification-id-1, groupId=notification-id] Node -1 disconnected.
2026-03-21 00:34:56.877 [org.springframework.kafka.KafkaListenerEndpointContainer#0-0-C-1] INFO  o.apache.kafka.clients.NetworkClient - [Consumer clientId=consumer-notification-id-1, groupId=notification-id] Node -1 disconnected.
2026-03-21 00:34:57.890 [org.springframework.kafka.KafkaListenerEndpointContainer#0-0-C-1] INFO  o.apache.kafka.clients.NetworkClient - [Consumer clientId=consumer-notification-id-1, groupId=notification-id] Node -1 disconnected.
2026-03-21 00:34:58.906 [org.springframework.kafka.KafkaListenerEndpointContainer#0-0-C-1] INFO  o.apache.kafka.clients.NetworkClient - [Consumer clientId=consumer-notification-id-1, groupId=notification-id] Node -1 disconnected.
2026-03-21 00:34:59.868 [org.springframework.kafka.KafkaListenerEndpointContainer#0-0-C-1] INFO  o.apache.kafka.clients.NetworkClient - [Consumer clientId=consumer-notification-id-1, groupId=notification-id] Node -1 disconnected.
2026-03-21 00:35:00.727 [org.springframework.kafka.KafkaListenerEndpointContainer#0-0-C-1] INFO  o.apache.kafka.clients.NetworkClient - [Consumer clientId=consumer-notification-id-1, groupId=notification-id] Node -1 disconnected.
2026-03-21 00:35:01.742 [org.springframework.kafka.KafkaListenerEndpointContainer#0-0-C-1] INFO  o.apache.kafka.clients.NetworkClient - [Consumer clientId=consumer-notification-id-1, groupId=notification-id] Node -1 disconnected.
2026-03-21 00:35:02.721 [org.springframework.kafka.KafkaListenerEndpointContainer#0-0-C-1] INFO  o.apache.kafka.clients.NetworkClient - [Consumer clientId=consumer-notification-id-1, groupId=notification-id] Node -1 disconnected.
2026-03-21 00:35:03.651 [org.springframework.kafka.KafkaListenerEndpointContainer#0-0-C-1] INFO  o.apache.kafka.clients.NetworkClient - [Consumer clientId=consumer-notification-id-1, groupId=notification-id] Node -1 disconnected.
2026-03-21 00:35:04.634 [org.springframework.kafka.KafkaListenerEndpointContainer#0-0-C-1] INFO  o.apache.kafka.clients.NetworkClient - [Consumer clientId=consumer-notification-id-1, groupId=notification-id] Node -1 disconnected.
2026-03-21 00:35:05.537 [org.springframework.kafka.KafkaListenerEndpointContainer#0-0-C-1] INFO  o.apache.kafka.clients.NetworkClient - [Consumer clientId=consumer-notification-id-1, groupId=notification-id] Node -1 disconnected.
2026-03-21 00:35:06.596 [org.springframework.kafka.KafkaListenerEndpointContainer#0-0-C-1] INFO  o.apache.kafka.clients.NetworkClient - [Consumer clientId=consumer-notification-id-1, groupId=notification-id] Node -1 disconnected.
2026-03-21 00:35:07.649 [org.springframework.kafka.KafkaListenerEndpointContainer#0-0-C-1] INFO  o.apache.kafka.clients.NetworkClient - [Consumer clientId=consumer-notification-id-1, groupId=notification-id] Node -1 disconnected.
2026-03-21 00:35:08.659 [org.springframework.kafka.KafkaListenerEndpointContainer#0-0-C-1] INFO  o.apache.kafka.clients.NetworkClient - [Consumer clientId=consumer-notification-id-1, groupId=notification-id] Node -1 disconnected.
2026-03-21 00:35:09.688 [org.springframework.kafka.KafkaListenerEndpointContainer#0-0-C-1] INFO  o.apache.kafka.clients.NetworkClient - [Consumer clientId=consumer-notification-id-1, groupId=notification-id] Node -1 disconnected.
2026-03-21 00:35:10.621 [org.springframework.kafka.KafkaListenerEndpointContainer#0-0-C-1] INFO  o.apache.kafka.clients.NetworkClient - [Consumer clientId=consumer-notification-id-1, groupId=notification-id] Node -1 disconnected.
2026-03-21 00:35:11.671 [org.springframework.kafka.KafkaListenerEndpointContainer#0-0-C-1] INFO  o.apache.kafka.clients.NetworkClient - [Consumer clientId=consumer-notification-id-1, groupId=notification-id] Node -1 disconnected.
2026-03-21 00:35:12.675 [org.springframework.kafka.KafkaListenerEndpointContainer#0-0-C-1] INFO  o.apache.kafka.clients.NetworkClient - [Consumer clientId=consumer-notification-id-1, groupId=notification-id] Node -1 disconnected.
2026-03-21 00:35:13.691 [org.springframework.kafka.KafkaListenerEndpointContainer#0-0-C-1] INFO  o.apache.kafka.clients.NetworkClient - [Consumer clientId=consumer-notification-id-1, groupId=notification-id] Node -1 disconnected.
2026-03-21 00:35:14.693 [org.springframework.kafka.KafkaListenerEndpointContainer#0-0-C-1] INFO  o.apache.kafka.clients.NetworkClient - [Consumer clientId=consumer-notification-id-1, groupId=notification-id] Node -1 disconnected.
2026-03-21 00:35:15.640 [org.springframework.kafka.KafkaListenerEndpointContainer#0-0-C-1] INFO  o.apache.kafka.clients.NetworkClient - [Consumer clientId=consumer-notification-id-1, groupId=notification-id] Node -1 disconnected.
2026-03-21 00:35:16.473 [org.springframework.kafka.KafkaListenerEndpointContainer#0-0-C-1] INFO  o.apache.kafka.clients.NetworkClient - [Consumer clientId=consumer-notification-id-1, groupId=notification-id] Node -1 disconnected.
2026-03-21 00:35:17.379 [org.springframework.kafka.KafkaListenerEndpointContainer#0-0-C-1] INFO  o.apache.kafka.clients.NetworkClient - [Consumer clientId=consumer-notification-id-1, groupId=notification-id] Node -1 disconnected.
2026-03-21 00:35:18.396 [org.springframework.kafka.KafkaListenerEndpointContainer#0-0-C-1] INFO  o.apache.kafka.clients.NetworkClient - [Consumer clientId=consumer-notification-id-1, groupId=notification-id] Node -1 disconnected.
2026-03-21 00:35:19.302 [org.springframework.kafka.KafkaListenerEndpointContainer#0-0-C-1] INFO  o.apache.kafka.clients.NetworkClient - [Consumer clientId=consumer-notification-id-1, groupId=notification-id] Node -1 disconnected.
2026-03-21 00:35:20.358 [org.springframework.kafka.KafkaListenerEndpointContainer#0-0-C-1] INFO  o.apache.kafka.clients.NetworkClient - [Consumer clientId=consumer-notification-id-1, groupId=notification-id] Node -1 disconnected.
2026-03-21 00:35:21.330 [org.springframework.kafka.KafkaListenerEndpointContainer#0-0-C-1] INFO  o.apache.kafka.clients.NetworkClient - [Consumer clientId=consumer-notification-id-1, groupId=notification-id] Node -1 disconnected.
2026-03-21 00:35:22.380 [org.springframework.kafka.KafkaListenerEndpointContainer#0-0-C-1] INFO  o.apache.kafka.clients.NetworkClient - [Consumer clientId=consumer-notification-id-1, groupId=notification-id] Node -1 disconnected.
2026-03-21 00:35:23.440 [org.springframework.kafka.KafkaListenerEndpointContainer#0-0-C-1] INFO  o.apache.kafka.clients.NetworkClient - [Consumer clientId=consumer-notification-id-1, groupId=notification-id] Node -1 disconnected.
2026-03-21 00:35:24.458 [org.springframework.kafka.KafkaListenerEndpointContainer#0-0-C-1] INFO  o.apache.kafka.clients.NetworkClient - [Consumer clientId=consumer-notification-id-1, groupId=notification-id] Node -1 disconnected.
2026-03-21 00:35:25.414 [org.springframework.kafka.KafkaListenerEndpointContainer#0-0-C-1] INFO  o.apache.kafka.clients.NetworkClient - [Consumer clientId=consumer-notification-id-1, groupId=notification-id] Node -1 disconnected.
2026-03-21 00:35:26.484 [org.springframework.kafka.KafkaListenerEndpointContainer#0-0-C-1] INFO  o.apache.kafka.clients.NetworkClient - [Consumer clientId=consumer-notification-id-1, groupId=notification-id] Node -1 disconnected.
2026-03-21 00:35:27.506 [org.springframework.kafka.KafkaListenerEndpointContainer#0-0-C-1] INFO  o.apache.kafka.clients.NetworkClient - [Consumer clientId=consumer-notification-id-1, groupId=notification-id] Node -1 disconnected.
2026-03-21 00:35:28.400 [org.springframework.kafka.KafkaListenerEndpointContainer#0-0-C-1] INFO  o.apache.kafka.clients.NetworkClient - [Consumer clientId=consumer-notification-id-1, groupId=notification-id] Node -1 disconnected.
2026-03-21 00:35:29.441 [org.springframework.kafka.KafkaListenerEndpointContainer#0-0-C-1] INFO  o.apache.kafka.clients.NetworkClient - [Consumer clientId=consumer-notification-id-1, groupId=notification-id] Node -1 disconnected.
2026-03-21 00:35:30.448 [org.springframework.kafka.KafkaListenerEndpointContainer#0-0-C-1] INFO  o.apache.kafka.clients.NetworkClient - [Consumer clientId=consumer-notification-id-1, groupId=notification-id] Node -1 disconnected.
2026-03-21 00:35:31.488 [org.springframework.kafka.KafkaListenerEndpointContainer#0-0-C-1] INFO  o.apache.kafka.clients.NetworkClient - [Consumer clientId=consumer-notification-id-1, groupId=notification-id] Node -1 disconnected.
2026-03-21 00:35:32.376 [org.springframework.kafka.KafkaListenerEndpointContainer#0-0-C-1] INFO  o.apache.kafka.clients.NetworkClient - [Consumer clientId=consumer-notification-id-1, groupId=notification-id] Node -1 disconnected.
2026-03-21 00:35:33.223 [org.springframework.kafka.KafkaListenerEndpointContainer#0-0-C-1] INFO  o.apache.kafka.clients.NetworkClient - [Consumer clientId=consumer-notification-id-1, groupId=notification-id] Node -1 disconnected.
2026-03-21 00:35:34.039 [org.springframework.kafka.KafkaListenerEndpointContainer#0-0-C-1] INFO  o.apache.kafka.clients.NetworkClient - [Consumer clientId=consumer-notification-id-1, groupId=notification-id] Node -1 disconnected.
2026-03-21 00:35:34.895 [org.springframework.kafka.KafkaListenerEndpointContainer#0-0-C-1] INFO  o.apache.kafka.clients.NetworkClient - [Consumer clientId=consumer-notification-id-1, groupId=notification-id] Node -1 disconnected.
2026-03-21 00:35:35.849 [org.springframework.kafka.KafkaListenerEndpointContainer#0-0-C-1] INFO  o.apache.kafka.clients.NetworkClient - [Consumer clientId=consumer-notification-id-1, groupId=notification-id] Node -1 disconnected.
2026-03-21 00:35:36.853 [org.springframework.kafka.KafkaListenerEndpointContainer#0-0-C-1] INFO  o.apache.kafka.clients.NetworkClient - [Consumer clientId=consumer-notification-id-1, groupId=notification-id] Node -1 disconnected.
2026-03-21 00:35:37.921 [org.springframework.kafka.KafkaListenerEndpointContainer#0-0-C-1] INFO  o.apache.kafka.clients.NetworkClient - [Consumer clientId=consumer-notification-id-1, groupId=notification-id] Node -1 disconnected.
2026-03-21 00:35:38.942 [org.springframework.kafka.KafkaListenerEndpointContainer#0-0-C-1] INFO  o.apache.kafka.clients.NetworkClient - [Consumer clientId=consumer-notification-id-1, groupId=notification-id] Node -1 disconnected.
2026-03-21 00:35:39.952 [org.springframework.kafka.KafkaListenerEndpointContainer#0-0-C-1] INFO  o.apache.kafka.clients.NetworkClient - [Consumer clientId=consumer-notification-id-1, groupId=notification-id] Node -1 disconnected.
2026-03-21 00:35:40.960 [org.springframework.kafka.KafkaListenerEndpointContainer#0-0-C-1] INFO  o.apache.kafka.clients.NetworkClient - [Consumer clientId=consumer-notification-id-1, groupId=notification-id] Node -1 disconnected.
2026-03-21 00:35:41.890 [org.springframework.kafka.KafkaListenerEndpointContainer#0-0-C-1] INFO  o.apache.kafka.clients.NetworkClient - [Consumer clientId=consumer-notification-id-1, groupId=notification-id] Node -1 disconnected.
2026-03-21 00:35:42.909 [org.springframework.kafka.KafkaListenerEndpointContainer#0-0-C-1] INFO  o.apache.kafka.clients.NetworkClient - [Consumer clientId=consumer-notification-id-1, groupId=notification-id] Node -1 disconnected.
2026-03-21 00:35:43.926 [org.springframework.kafka.KafkaListenerEndpointContainer#0-0-C-1] INFO  o.apache.kafka.clients.NetworkClient - [Consumer clientId=consumer-notification-id-1, groupId=notification-id] Node -1 disconnected.
2026-03-21 00:35:44.940 [org.springframework.kafka.KafkaListenerEndpointContainer#0-0-C-1] INFO  o.apache.kafka.clients.NetworkClient - [Consumer clientId=consumer-notification-id-1, groupId=notification-id] Node -1 disconnected.
2026-03-21 00:35:45.885 [org.springframework.kafka.KafkaListenerEndpointContainer#0-0-C-1] INFO  o.apache.kafka.clients.NetworkClient - [Consumer clientId=consumer-notification-id-1, groupId=notification-id] Node -1 disconnected.
2026-03-21 00:35:46.886 [org.springframework.kafka.KafkaListenerEndpointContainer#0-0-C-1] INFO  o.apache.kafka.clients.NetworkClient - [Consumer clientId=consumer-notification-id-1, groupId=notification-id] Node -1 disconnected.
2026-03-21 00:35:47.723 [org.springframework.kafka.KafkaListenerEndpointContainer#0-0-C-1] INFO  o.apache.kafka.clients.NetworkClient - [Consumer clientId=consumer-notification-id-1, groupId=notification-id] Node -1 disconnected.
2026-03-21 00:35:48.752 [org.springframework.kafka.KafkaListenerEndpointContainer#0-0-C-1] INFO  o.apache.kafka.clients.NetworkClient - [Consumer clientId=consumer-notification-id-1, groupId=notification-id] Node -1 disconnected.
2026-03-21 00:35:49.625 [org.springframework.kafka.KafkaListenerEndpointContainer#0-0-C-1] INFO  o.apache.kafka.clients.NetworkClient - [Consumer clientId=consumer-notification-id-1, groupId=notification-id] Node -1 disconnected.
2026-03-21 00:35:50.460 [org.springframework.kafka.KafkaListenerEndpointContainer#0-0-C-1] INFO  o.apache.kafka.clients.NetworkClient - [Consumer clientId=consumer-notification-id-1, groupId=notification-id] Node -1 disconnected.
2026-03-21 00:35:51.430 [org.springframework.kafka.KafkaListenerEndpointContainer#0-0-C-1] INFO  o.apache.kafka.clients.NetworkClient - [Consumer clientId=consumer-notification-id-1, groupId=notification-id] Node -1 disconnected.
2026-03-21 00:35:52.434 [org.springframework.kafka.KafkaListenerEndpointContainer#0-0-C-1] INFO  o.apache.kafka.clients.NetworkClient - [Consumer clientId=consumer-notification-id-1, groupId=notification-id] Node -1 disconnected.
2026-03-21 00:35:53.437 [org.springframework.kafka.KafkaListenerEndpointContainer#0-0-C-1] INFO  o.apache.kafka.clients.NetworkClient - [Consumer clientId=consumer-notification-id-1, groupId=notification-id] Node -1 disconnected.
2026-03-21 00:35:54.306 [org.springframework.kafka.KafkaListenerEndpointContainer#0-0-C-1] INFO  o.apache.kafka.clients.NetworkClient - [Consumer clientId=consumer-notification-id-1, groupId=notification-id] Node -1 disconnected.
2026-03-21 00:35:55.318 [org.springframework.kafka.KafkaListenerEndpointContainer#0-0-C-1] INFO  o.apache.kafka.clients.NetworkClient - [Consumer clientId=consumer-notification-id-1, groupId=notification-id] Node -1 disconnected.
2026-03-21 00:35:56.323 [org.springframework.kafka.KafkaListenerEndpointContainer#0-0-C-1] INFO  o.apache.kafka.clients.NetworkClient - [Consumer clientId=consumer-notification-id-1, groupId=notification-id] Node -1 disconnected.
2026-03-21 00:35:57.341 [org.springframework.kafka.KafkaListenerEndpointContainer#0-0-C-1] INFO  o.apache.kafka.clients.NetworkClient - [Consumer clientId=consumer-notification-id-1, groupId=notification-id] Node -1 disconnected.
2026-03-21 00:35:58.209 [org.springframework.kafka.KafkaListenerEndpointContainer#0-0-C-1] INFO  o.apache.kafka.clients.NetworkClient - [Consumer clientId=consumer-notification-id-1, groupId=notification-id] Node -1 disconnected.
2026-03-21 00:35:59.103 [org.springframework.kafka.KafkaListenerEndpointContainer#0-0-C-1] INFO  o.apache.kafka.clients.NetworkClient - [Consumer clientId=consumer-notification-id-1, groupId=notification-id] Node -1 disconnected.
2026-03-21 00:36:00.116 [org.springframework.kafka.KafkaListenerEndpointContainer#0-0-C-1] INFO  o.apache.kafka.clients.NetworkClient - [Consumer clientId=consumer-notification-id-1, groupId=notification-id] Node -1 disconnected.
2026-03-21 00:36:01.119 [org.springframework.kafka.KafkaListenerEndpointContainer#0-0-C-1] INFO  o.apache.kafka.clients.NetworkClient - [Consumer clientId=consumer-notification-id-1, groupId=notification-id] Node -1 disconnected.
2026-03-21 00:36:02.046 [org.springframework.kafka.KafkaListenerEndpointContainer#0-0-C-1] INFO  o.apache.kafka.clients.NetworkClient - [Consumer clientId=consumer-notification-id-1, groupId=notification-id] Node -1 disconnected.
2026-03-21 00:36:03.057 [org.springframework.kafka.KafkaListenerEndpointContainer#0-0-C-1] INFO  o.apache.kafka.clients.NetworkClient - [Consumer clientId=consumer-notification-id-1, groupId=notification-id] Node -1 disconnected.
2026-03-21 00:36:04.099 [org.springframework.kafka.KafkaListenerEndpointContainer#0-0-C-1] INFO  o.apache.kafka.clients.NetworkClient - [Consumer clientId=consumer-notification-id-1, groupId=notification-id] Node -1 disconnected.
2026-03-21 00:36:05.152 [org.springframework.kafka.KafkaListenerEndpointContainer#0-0-C-1] INFO  o.apache.kafka.clients.NetworkClient - [Consumer clientId=consumer-notification-id-1, groupId=notification-id] Node -1 disconnected.
2026-03-21 00:36:06.155 [org.springframework.kafka.KafkaListenerEndpointContainer#0-0-C-1] INFO  o.apache.kafka.clients.NetworkClient - [Consumer clientId=consumer-notification-id-1, groupId=notification-id] Node -1 disconnected.
2026-03-21 00:36:07.166 [org.springframework.kafka.KafkaListenerEndpointContainer#0-0-C-1] INFO  o.apache.kafka.clients.NetworkClient - [Consumer clientId=consumer-notification-id-1, groupId=notification-id] Node -1 disconnected.
2026-03-21 00:36:08.168 [org.springframework.kafka.KafkaListenerEndpointContainer#0-0-C-1] INFO  o.apache.kafka.clients.NetworkClient - [Consumer clientId=consumer-notification-id-1, groupId=notification-id] Node -1 disconnected.
2026-03-21 00:36:09.191 [org.springframework.kafka.KafkaListenerEndpointContainer#0-0-C-1] INFO  o.apache.kafka.clients.NetworkClient - [Consumer clientId=consumer-notification-id-1, groupId=notification-id] Node -1 disconnected.
2026-03-21 00:36:10.166 [org.springframework.kafka.KafkaListenerEndpointContainer#0-0-C-1] INFO  o.apache.kafka.clients.NetworkClient - [Consumer clientId=consumer-notification-id-1, groupId=notification-id] Node -1 disconnected.
2026-03-21 00:36:11.170 [org.springframework.kafka.KafkaListenerEndpointContainer#0-0-C-1] INFO  o.apache.kafka.clients.NetworkClient - [Consumer clientId=consumer-notification-id-1, groupId=notification-id] Node -1 disconnected.
2026-03-21 00:36:12.172 [org.springframework.kafka.KafkaListenerEndpointContainer#0-0-C-1] INFO  o.apache.kafka.clients.NetworkClient - [Consumer clientId=consumer-notification-id-1, groupId=notification-id] Node -1 disconnected.
2026-03-21 00:36:13.178 [org.springframework.kafka.KafkaListenerEndpointContainer#0-0-C-1] INFO  o.apache.kafka.clients.NetworkClient - [Consumer clientId=consumer-notification-id-1, groupId=notification-id] Node -1 disconnected.
2026-03-21 00:36:14.184 [org.springframework.kafka.KafkaListenerEndpointContainer#0-0-C-1] INFO  o.apache.kafka.clients.NetworkClient - [Consumer clientId=consumer-notification-id-1, groupId=notification-id] Node -1 disconnected.
2026-03-21 00:36:15.434 [org.springframework.kafka.KafkaListenerEndpointContainer#0-0-C-1] INFO  o.apache.kafka.clients.NetworkClient - [Consumer clientId=consumer-notification-id-1, groupId=notification-id] Node -1 disconnected.
2026-03-21 00:36:16.486 [org.springframework.kafka.KafkaListenerEndpointContainer#0-0-C-1] INFO  o.apache.kafka.clients.NetworkClient - [Consumer clientId=consumer-notification-id-1, groupId=notification-id] Node -1 disconnected.
2026-03-21 00:36:17.503 [org.springframework.kafka.KafkaListenerEndpointContainer#0-0-C-1] INFO  o.apache.kafka.clients.NetworkClient - [Consumer clientId=consumer-notification-id-1, groupId=notification-id] Node -1 disconnected.
2026-03-21 00:36:18.517 [org.springframework.kafka.KafkaListenerEndpointContainer#0-0-C-1] INFO  o.apache.kafka.clients.NetworkClient - [Consumer clientId=consumer-notification-id-1, groupId=notification-id] Node -1 disconnected.
2026-03-21 00:36:19.518 [org.springframework.kafka.KafkaListenerEndpointContainer#0-0-C-1] INFO  o.apache.kafka.clients.NetworkClient - [Consumer clientId=consumer-notification-id-1, groupId=notification-id] Node -1 disconnected.
2026-03-21 00:36:20.510 [org.springframework.kafka.KafkaListenerEndpointContainer#0-0-C-1] INFO  o.apache.kafka.clients.NetworkClient - [Consumer clientId=consumer-notification-id-1, groupId=notification-id] Node -1 disconnected.
2026-03-21 00:36:21.374 [org.springframework.kafka.KafkaListenerEndpointContainer#0-0-C-1] INFO  o.apache.kafka.clients.NetworkClient - [Consumer clientId=consumer-notification-id-1, groupId=notification-id] Node -1 disconnected.
2026-03-21 00:36:22.423 [org.springframework.kafka.KafkaListenerEndpointContainer#0-0-C-1] INFO  o.apache.kafka.clients.NetworkClient - [Consumer clientId=consumer-notification-id-1, groupId=notification-id] Node -1 disconnected.
2026-03-21 00:36:23.454 [org.springframework.kafka.KafkaListenerEndpointContainer#0-0-C-1] INFO  o.apache.kafka.clients.NetworkClient - [Consumer clientId=consumer-notification-id-1, groupId=notification-id] Node -1 disconnected.
2026-03-21 00:36:24.504 [org.springframework.kafka.KafkaListenerEndpointContainer#0-0-C-1] INFO  o.apache.kafka.clients.NetworkClient - [Consumer clientId=consumer-notification-id-1, groupId=notification-id] Node -1 disconnected.
2026-03-21 00:36:25.566 [org.springframework.kafka.KafkaListenerEndpointContainer#0-0-C-1] INFO  o.apache.kafka.clients.NetworkClient - [Consumer clientId=consumer-notification-id-1, groupId=notification-id] Node -1 disconnected.
2026-03-21 00:36:26.413 [org.springframework.kafka.KafkaListenerEndpointContainer#0-0-C-1] INFO  o.apache.kafka.clients.NetworkClient - [Consumer clientId=consumer-notification-id-1, groupId=notification-id] Node -1 disconnected.
2026-03-21 00:36:27.435 [org.springframework.kafka.KafkaListenerEndpointContainer#0-0-C-1] INFO  o.apache.kafka.clients.NetworkClient - [Consumer clientId=consumer-notification-id-1, groupId=notification-id] Node -1 disconnected.
2026-03-21 00:36:28.490 [org.springframework.kafka.KafkaListenerEndpointContainer#0-0-C-1] INFO  o.apache.kafka.clients.NetworkClient - [Consumer clientId=consumer-notification-id-1, groupId=notification-id] Node -1 disconnected.
2026-03-21 00:36:29.506 [org.springframework.kafka.KafkaListenerEndpointContainer#0-0-C-1] INFO  o.apache.kafka.clients.NetworkClient - [Consumer clientId=consumer-notification-id-1, groupId=notification-id] Node -1 disconnected.
2026-03-21 00:36:30.554 [org.springframework.kafka.KafkaListenerEndpointContainer#0-0-C-1] INFO  o.apache.kafka.clients.NetworkClient - [Consumer clientId=consumer-notification-id-1, groupId=notification-id] Node -1 disconnected.
2026-03-21 00:36:31.592 [org.springframework.kafka.KafkaListenerEndpointContainer#0-0-C-1] INFO  o.apache.kafka.clients.NetworkClient - [Consumer clientId=consumer-notification-id-1, groupId=notification-id] Node -1 disconnected.
2026-03-21 00:36:32.607 [org.springframework.kafka.KafkaListenerEndpointContainer#0-0-C-1] INFO  o.apache.kafka.clients.NetworkClient - [Consumer clientId=consumer-notification-id-1, groupId=notification-id] Node -1 disconnected.
2026-03-21 00:36:33.622 [org.springframework.kafka.KafkaListenerEndpointContainer#0-0-C-1] INFO  o.apache.kafka.clients.NetworkClient - [Consumer clientId=consumer-notification-id-1, groupId=notification-id] Node -1 disconnected.
2026-03-21 00:36:34.634 [org.springframework.kafka.KafkaListenerEndpointContainer#0-0-C-1] INFO  o.apache.kafka.clients.NetworkClient - [Consumer clientId=consumer-notification-id-1, groupId=notification-id] Node -1 disconnected.
2026-03-21 00:36:35.646 [org.springframework.kafka.KafkaListenerEndpointContainer#0-0-C-1] INFO  o.apache.kafka.clients.NetworkClient - [Consumer clientId=consumer-notification-id-1, groupId=notification-id] Node -1 disconnected.
2026-03-21 00:36:36.599 [org.springframework.kafka.KafkaListenerEndpointContainer#0-0-C-1] INFO  o.apache.kafka.clients.NetworkClient - [Consumer clientId=consumer-notification-id-1, groupId=notification-id] Node -1 disconnected.
2026-03-21 00:36:37.565 [org.springframework.kafka.KafkaListenerEndpointContainer#0-0-C-1] INFO  o.apache.kafka.clients.NetworkClient - [Consumer clientId=consumer-notification-id-1, groupId=notification-id] Node -1 disconnected.
2026-03-21 00:36:38.578 [org.springframework.kafka.KafkaListenerEndpointContainer#0-0-C-1] INFO  o.apache.kafka.clients.NetworkClient - [Consumer clientId=consumer-notification-id-1, groupId=notification-id] Node -1 disconnected.
2026-03-21 00:36:39.398 [org.springframework.kafka.KafkaListenerEndpointContainer#0-0-C-1] INFO  o.apache.kafka.clients.NetworkClient - [Consumer clientId=consumer-notification-id-1, groupId=notification-id] Node -1 disconnected.
2026-03-21 00:36:40.383 [org.springframework.kafka.KafkaListenerEndpointContainer#0-0-C-1] INFO  o.apache.kafka.clients.NetworkClient - [Consumer clientId=consumer-notification-id-1, groupId=notification-id] Node -1 disconnected.
2026-03-21 00:36:41.264 [org.springframework.kafka.KafkaListenerEndpointContainer#0-0-C-1] INFO  o.apache.kafka.clients.NetworkClient - [Consumer clientId=consumer-notification-id-1, groupId=notification-id] Node -1 disconnected.
2026-03-21 00:36:42.202 [org.springframework.kafka.KafkaListenerEndpointContainer#0-0-C-1] INFO  o.apache.kafka.clients.NetworkClient - [Consumer clientId=consumer-notification-id-1, groupId=notification-id] Node -1 disconnected.
2026-03-21 00:36:43.193 [org.springframework.kafka.KafkaListenerEndpointContainer#0-0-C-1] INFO  o.apache.kafka.clients.NetworkClient - [Consumer clientId=consumer-notification-id-1, groupId=notification-id] Node -1 disconnected.
2026-03-21 00:36:44.164 [org.springframework.kafka.KafkaListenerEndpointContainer#0-0-C-1] INFO  o.apache.kafka.clients.NetworkClient - [Consumer clientId=consumer-notification-id-1, groupId=notification-id] Node -1 disconnected.
2026-03-21 00:36:45.047 [org.springframework.kafka.KafkaListenerEndpointContainer#0-0-C-1] INFO  o.apache.kafka.clients.NetworkClient - [Consumer clientId=consumer-notification-id-1, groupId=notification-id] Node -1 disconnected.
2026-03-21 00:36:46.100 [org.springframework.kafka.KafkaListenerEndpointContainer#0-0-C-1] INFO  o.apache.kafka.clients.NetworkClient - [Consumer clientId=consumer-notification-id-1, groupId=notification-id] Node -1 disconnected.
2026-03-21 00:36:47.120 [org.springframework.kafka.KafkaListenerEndpointContainer#0-0-C-1] INFO  o.apache.kafka.clients.NetworkClient - [Consumer clientId=consumer-notification-id-1, groupId=notification-id] Node -1 disconnected.
2026-03-21 00:36:48.197 [org.springframework.kafka.KafkaListenerEndpointContainer#0-0-C-1] INFO  o.apache.kafka.clients.NetworkClient - [Consumer clientId=consumer-notification-id-1, groupId=notification-id] Node -1 disconnected.
2026-03-21 00:36:49.208 [org.springframework.kafka.KafkaListenerEndpointContainer#0-0-C-1] INFO  o.apache.kafka.clients.NetworkClient - [Consumer clientId=consumer-notification-id-1, groupId=notification-id] Node -1 disconnected.
2026-03-21 00:36:50.145 [org.springframework.kafka.KafkaListenerEndpointContainer#0-0-C-1] INFO  o.apache.kafka.clients.NetworkClient - [Consumer clientId=consumer-notification-id-1, groupId=notification-id] Node -1 disconnected.
2026-03-21 00:36:51.016 [org.springframework.kafka.KafkaListenerEndpointContainer#0-0-C-1] INFO  o.apache.kafka.clients.NetworkClient - [Consumer clientId=consumer-notification-id-1, groupId=notification-id] Node -1 disconnected.
2026-03-21 00:36:51.830 [org.springframework.kafka.KafkaListenerEndpointContainer#0-0-C-1] INFO  o.apache.kafka.clients.NetworkClient - [Consumer clientId=consumer-notification-id-1, groupId=notification-id] Node -1 disconnected.
2026-03-21 00:36:52.847 [org.springframework.kafka.KafkaListenerEndpointContainer#0-0-C-1] INFO  o.apache.kafka.clients.NetworkClient - [Consumer clientId=consumer-notification-id-1, groupId=notification-id] Node -1 disconnected.
2026-03-21 00:36:53.742 [org.springframework.kafka.KafkaListenerEndpointContainer#0-0-C-1] INFO  o.apache.kafka.clients.NetworkClient - [Consumer clientId=consumer-notification-id-1, groupId=notification-id] Node -1 disconnected.
2026-03-21 00:36:54.644 [org.springframework.kafka.KafkaListenerEndpointContainer#0-0-C-1] INFO  o.apache.kafka.clients.NetworkClient - [Consumer clientId=consumer-notification-id-1, groupId=notification-id] Node -1 disconnected.
2026-03-21 00:36:55.630 [org.springframework.kafka.KafkaListenerEndpointContainer#0-0-C-1] INFO  o.apache.kafka.clients.NetworkClient - [Consumer clientId=consumer-notification-id-1, groupId=notification-id] Node -1 disconnected.
2026-03-21 00:36:56.568 [org.springframework.kafka.KafkaListenerEndpointContainer#0-0-C-1] INFO  o.apache.kafka.clients.NetworkClient - [Consumer clientId=consumer-notification-id-1, groupId=notification-id] Node -1 disconnected.
2026-03-21 00:36:57.600 [org.springframework.kafka.KafkaListenerEndpointContainer#0-0-C-1] INFO  o.apache.kafka.clients.NetworkClient - [Consumer clientId=consumer-notification-id-1, groupId=notification-id] Node -1 disconnected.
2026-03-21 00:36:58.611 [org.springframework.kafka.KafkaListenerEndpointContainer#0-0-C-1] INFO  o.apache.kafka.clients.NetworkClient - [Consumer clientId=consumer-notification-id-1, groupId=notification-id] Node -1 disconnected.
2026-03-21 00:36:59.534 [org.springframework.kafka.KafkaListenerEndpointContainer#0-0-C-1] INFO  o.apache.kafka.clients.NetworkClient - [Consumer clientId=consumer-notification-id-1, groupId=notification-id] Node -1 disconnected.
2026-03-21 00:37:00.595 [org.springframework.kafka.KafkaListenerEndpointContainer#0-0-C-1] INFO  o.apache.kafka.clients.NetworkClient - [Consumer clientId=consumer-notification-id-1, groupId=notification-id] Node -1 disconnected.
2026-03-21 00:37:01.458 [org.springframework.kafka.KafkaListenerEndpointContainer#0-0-C-1] INFO  o.apache.kafka.clients.NetworkClient - [Consumer clientId=consumer-notification-id-1, groupId=notification-id] Node -1 disconnected.
2026-03-21 00:37:02.496 [org.springframework.kafka.KafkaListenerEndpointContainer#0-0-C-1] INFO  o.apache.kafka.clients.NetworkClient - [Consumer clientId=consumer-notification-id-1, groupId=notification-id] Node -1 disconnected.
2026-03-21 00:37:03.509 [org.springframework.kafka.KafkaListenerEndpointContainer#0-0-C-1] INFO  o.apache.kafka.clients.NetworkClient - [Consumer clientId=consumer-notification-id-1, groupId=notification-id] Node -1 disconnected.
2026-03-21 00:37:04.456 [org.springframework.kafka.KafkaListenerEndpointContainer#0-0-C-1] INFO  o.apache.kafka.clients.NetworkClient - [Consumer clientId=consumer-notification-id-1, groupId=notification-id] Node -1 disconnected.
2026-03-21 00:37:05.322 [org.springframework.kafka.KafkaListenerEndpointContainer#0-0-C-1] INFO  o.apache.kafka.clients.NetworkClient - [Consumer clientId=consumer-notification-id-1, groupId=notification-id] Node -1 disconnected.
2026-03-21 00:37:06.325 [org.springframework.kafka.KafkaListenerEndpointContainer#0-0-C-1] INFO  o.apache.kafka.clients.NetworkClient - [Consumer clientId=consumer-notification-id-1, groupId=notification-id] Node -1 disconnected.
2026-03-21 00:37:07.342 [org.springframework.kafka.KafkaListenerEndpointContainer#0-0-C-1] INFO  o.apache.kafka.clients.NetworkClient - [Consumer clientId=consumer-notification-id-1, groupId=notification-id] Node -1 disconnected.
2026-03-21 00:37:08.347 [org.springframework.kafka.KafkaListenerEndpointContainer#0-0-C-1] INFO  o.apache.kafka.clients.NetworkClient - [Consumer clientId=consumer-notification-id-1, groupId=notification-id] Node -1 disconnected.
2026-03-21 00:37:09.190 [org.springframework.kafka.KafkaListenerEndpointContainer#0-0-C-1] INFO  o.apache.kafka.clients.NetworkClient - [Consumer clientId=consumer-notification-id-1, groupId=notification-id] Node -1 disconnected.
2026-03-21 00:37:10.253 [org.springframework.kafka.KafkaListenerEndpointContainer#0-0-C-1] INFO  o.apache.kafka.clients.NetworkClient - [Consumer clientId=consumer-notification-id-1, groupId=notification-id] Node -1 disconnected.
2026-03-21 00:37:11.266 [org.springframework.kafka.KafkaListenerEndpointContainer#0-0-C-1] INFO  o.apache.kafka.clients.NetworkClient - [Consumer clientId=consumer-notification-id-1, groupId=notification-id] Node -1 disconnected.
2026-03-21 00:37:12.149 [org.springframework.kafka.KafkaListenerEndpointContainer#0-0-C-1] INFO  o.apache.kafka.clients.NetworkClient - [Consumer clientId=consumer-notification-id-1, groupId=notification-id] Node -1 disconnected.
2026-03-21 00:37:13.116 [org.springframework.kafka.KafkaListenerEndpointContainer#0-0-C-1] INFO  o.apache.kafka.clients.NetworkClient - [Consumer clientId=consumer-notification-id-1, groupId=notification-id] Node -1 disconnected.
2026-03-21 00:37:14.128 [org.springframework.kafka.KafkaListenerEndpointContainer#0-0-C-1] INFO  o.apache.kafka.clients.NetworkClient - [Consumer clientId=consumer-notification-id-1, groupId=notification-id] Node -1 disconnected.
2026-03-21 00:37:15.168 [org.springframework.kafka.KafkaListenerEndpointContainer#0-0-C-1] INFO  o.apache.kafka.clients.NetworkClient - [Consumer clientId=consumer-notification-id-1, groupId=notification-id] Node -1 disconnected.
2026-03-21 00:37:16.174 [org.springframework.kafka.KafkaListenerEndpointContainer#0-0-C-1] INFO  o.apache.kafka.clients.NetworkClient - [Consumer clientId=consumer-notification-id-1, groupId=notification-id] Node -1 disconnected.
2026-03-21 00:37:17.110 [org.springframework.kafka.KafkaListenerEndpointContainer#0-0-C-1] INFO  o.apache.kafka.clients.NetworkClient - [Consumer clientId=consumer-notification-id-1, groupId=notification-id] Node -1 disconnected.
2026-03-21 00:37:18.125 [org.springframework.kafka.KafkaListenerEndpointContainer#0-0-C-1] INFO  o.apache.kafka.clients.NetworkClient - [Consumer clientId=consumer-notification-id-1, groupId=notification-id] Node -1 disconnected.
2026-03-21 00:37:18.992 [org.springframework.kafka.KafkaListenerEndpointContainer#0-0-C-1] INFO  o.apache.kafka.clients.NetworkClient - [Consumer clientId=consumer-notification-id-1, groupId=notification-id] Node -1 disconnected.
2026-03-21 00:37:20.043 [org.springframework.kafka.KafkaListenerEndpointContainer#0-0-C-1] INFO  o.apache.kafka.clients.NetworkClient - [Consumer clientId=consumer-notification-id-1, groupId=notification-id] Node -1 disconnected.
2026-03-21 00:37:21.031 [org.springframework.kafka.KafkaListenerEndpointContainer#0-0-C-1] INFO  o.apache.kafka.clients.NetworkClient - [Consumer clientId=consumer-notification-id-1, groupId=notification-id] Node -1 disconnected.
2026-03-21 00:37:22.035 [org.springframework.kafka.KafkaListenerEndpointContainer#0-0-C-1] INFO  o.apache.kafka.clients.NetworkClient - [Consumer clientId=consumer-notification-id-1, groupId=notification-id] Node -1 disconnected.
2026-03-21 00:37:23.056 [org.springframework.kafka.KafkaListenerEndpointContainer#0-0-C-1] INFO  o.apache.kafka.clients.NetworkClient - [Consumer clientId=consumer-notification-id-1, groupId=notification-id] Node -1 disconnected.
2026-03-21 00:37:24.109 [org.springframework.kafka.KafkaListenerEndpointContainer#0-0-C-1] INFO  o.apache.kafka.clients.NetworkClient - [Consumer clientId=consumer-notification-id-1, groupId=notification-id] Node -1 disconnected.
2026-03-21 00:37:24.987 [org.springframework.kafka.KafkaListenerEndpointContainer#0-0-C-1] INFO  o.apache.kafka.clients.NetworkClient - [Consumer clientId=consumer-notification-id-1, groupId=notification-id] Node -1 disconnected.
2026-03-21 00:37:25.916 [org.springframework.kafka.KafkaListenerEndpointContainer#0-0-C-1] INFO  o.apache.kafka.clients.NetworkClient - [Consumer clientId=consumer-notification-id-1, groupId=notification-id] Node -1 disconnected.
2026-03-21 00:37:26.932 [org.springframework.kafka.KafkaListenerEndpointContainer#0-0-C-1] INFO  o.apache.kafka.clients.NetworkClient - [Consumer clientId=consumer-notification-id-1, groupId=notification-id] Node -1 disconnected.
2026-03-21 00:37:27.947 [org.springframework.kafka.KafkaListenerEndpointContainer#0-0-C-1] INFO  o.apache.kafka.clients.NetworkClient - [Consumer clientId=consumer-notification-id-1, groupId=notification-id] Node -1 disconnected.
2026-03-21 00:37:28.970 [org.springframework.kafka.KafkaListenerEndpointContainer#0-0-C-1] INFO  o.apache.kafka.clients.NetworkClient - [Consumer clientId=consumer-notification-id-1, groupId=notification-id] Node -1 disconnected.
2026-03-21 00:37:30.016 [org.springframework.kafka.KafkaListenerEndpointContainer#0-0-C-1] INFO  o.apache.kafka.clients.NetworkClient - [Consumer clientId=consumer-notification-id-1, groupId=notification-id] Node -1 disconnected.
2026-03-21 00:37:30.922 [org.springframework.kafka.KafkaListenerEndpointContainer#0-0-C-1] INFO  o.apache.kafka.clients.NetworkClient - [Consumer clientId=consumer-notification-id-1, groupId=notification-id] Node -1 disconnected.
2026-03-21 00:37:31.948 [org.springframework.kafka.KafkaListenerEndpointContainer#0-0-C-1] INFO  o.apache.kafka.clients.NetworkClient - [Consumer clientId=consumer-notification-id-1, groupId=notification-id] Node -1 disconnected.
2026-03-21 00:37:33.045 [org.springframework.kafka.KafkaListenerEndpointContainer#0-0-C-1] INFO  o.apache.kafka.clients.NetworkClient - [Consumer clientId=consumer-notification-id-1, groupId=notification-id] Node -1 disconnected.
2026-03-21 00:37:34.039 [org.springframework.kafka.KafkaListenerEndpointContainer#0-0-C-1] INFO  o.apache.kafka.clients.NetworkClient - [Consumer clientId=consumer-notification-id-1, groupId=notification-id] Node -1 disconnected.
2026-03-21 00:37:35.050 [org.springframework.kafka.KafkaListenerEndpointContainer#0-0-C-1] INFO  o.apache.kafka.clients.NetworkClient - [Consumer clientId=consumer-notification-id-1, groupId=notification-id] Node -1 disconnected.
2026-03-21 00:37:36.113 [org.springframework.kafka.KafkaListenerEndpointContainer#0-0-C-1] INFO  o.apache.kafka.clients.NetworkClient - [Consumer clientId=consumer-notification-id-1, groupId=notification-id] Node -1 disconnected.
2026-03-21 00:37:37.038 [org.springframework.kafka.KafkaListenerEndpointContainer#0-0-C-1] INFO  o.apache.kafka.clients.NetworkClient - [Consumer clientId=consumer-notification-id-1, groupId=notification-id] Node -1 disconnected.
2026-03-21 00:37:37.878 [org.springframework.kafka.KafkaListenerEndpointContainer#0-0-C-1] INFO  o.apache.kafka.clients.NetworkClient - [Consumer clientId=consumer-notification-id-1, groupId=notification-id] Node -1 disconnected.
2026-03-21 00:37:38.902 [org.springframework.kafka.KafkaListenerEndpointContainer#0-0-C-1] INFO  o.apache.kafka.clients.NetworkClient - [Consumer clientId=consumer-notification-id-1, groupId=notification-id] Node -1 disconnected.
2026-03-21 00:37:39.907 [org.springframework.kafka.KafkaListenerEndpointContainer#0-0-C-1] INFO  o.apache.kafka.clients.NetworkClient - [Consumer clientId=consumer-notification-id-1, groupId=notification-id] Node -1 disconnected.
2026-03-21 00:37:40.885 [org.springframework.kafka.KafkaListenerEndpointContainer#0-0-C-1] INFO  o.apache.kafka.clients.NetworkClient - [Consumer clientId=consumer-notification-id-1, groupId=notification-id] Node -1 disconnected.
2026-03-21 00:37:41.893 [org.springframework.kafka.KafkaListenerEndpointContainer#0-0-C-1] INFO  o.apache.kafka.clients.NetworkClient - [Consumer clientId=consumer-notification-id-1, groupId=notification-id] Node -1 disconnected.
2026-03-21 00:37:42.945 [org.springframework.kafka.KafkaListenerEndpointContainer#0-0-C-1] INFO  o.apache.kafka.clients.NetworkClient - [Consumer clientId=consumer-notification-id-1, groupId=notification-id] Node -1 disconnected.
2026-03-21 00:37:43.875 [org.springframework.kafka.KafkaListenerEndpointContainer#0-0-C-1] INFO  o.apache.kafka.clients.NetworkClient - [Consumer clientId=consumer-notification-id-1, groupId=notification-id] Node -1 disconnected.
2026-03-21 00:37:44.879 [org.springframework.kafka.KafkaListenerEndpointContainer#0-0-C-1] INFO  o.apache.kafka.clients.NetworkClient - [Consumer clientId=consumer-notification-id-1, groupId=notification-id] Node -1 disconnected.
2026-03-21 00:37:45.763 [org.springframework.kafka.KafkaListenerEndpointContainer#0-0-C-1] INFO  o.apache.kafka.clients.NetworkClient - [Consumer clientId=consumer-notification-id-1, groupId=notification-id] Node -1 disconnected.
2026-03-21 00:37:46.655 [org.springframework.kafka.KafkaListenerEndpointContainer#0-0-C-1] INFO  o.apache.kafka.clients.NetworkClient - [Consumer clientId=consumer-notification-id-1, groupId=notification-id] Node -1 disconnected.
2026-03-21 00:37:47.599 [org.springframework.kafka.KafkaListenerEndpointContainer#0-0-C-1] INFO  o.apache.kafka.clients.NetworkClient - [Consumer clientId=consumer-notification-id-1, groupId=notification-id] Node -1 disconnected.
2026-03-21 00:37:48.656 [org.springframework.kafka.KafkaListenerEndpointContainer#0-0-C-1] INFO  o.apache.kafka.clients.NetworkClient - [Consumer clientId=consumer-notification-id-1, groupId=notification-id] Node -1 disconnected.
2026-03-21 00:37:49.672 [org.springframework.kafka.KafkaListenerEndpointContainer#0-0-C-1] INFO  o.apache.kafka.clients.NetworkClient - [Consumer clientId=consumer-notification-id-1, groupId=notification-id] Node -1 disconnected.
2026-03-21 00:37:50.673 [org.springframework.kafka.KafkaListenerEndpointContainer#0-0-C-1] INFO  o.apache.kafka.clients.NetworkClient - [Consumer clientId=consumer-notification-id-1, groupId=notification-id] Node -1 disconnected.
2026-03-21 00:37:51.705 [org.springframework.kafka.KafkaListenerEndpointContainer#0-0-C-1] INFO  o.apache.kafka.clients.NetworkClient - [Consumer clientId=consumer-notification-id-1, groupId=notification-id] Node -1 disconnected.
2026-03-21 00:37:52.707 [org.springframework.kafka.KafkaListenerEndpointContainer#0-0-C-1] INFO  o.apache.kafka.clients.NetworkClient - [Consumer clientId=consumer-notification-id-1, groupId=notification-id] Node -1 disconnected.
2026-03-21 00:37:53.603 [org.springframework.kafka.KafkaListenerEndpointContainer#0-0-C-1] INFO  o.apache.kafka.clients.NetworkClient - [Consumer clientId=consumer-notification-id-1, groupId=notification-id] Node -1 disconnected.
2026-03-21 00:37:54.614 [org.springframework.kafka.KafkaListenerEndpointContainer#0-0-C-1] INFO  o.apache.kafka.clients.NetworkClient - [Consumer clientId=consumer-notification-id-1, groupId=notification-id] Node -1 disconnected.
2026-03-21 00:37:55.485 [org.springframework.kafka.KafkaListenerEndpointContainer#0-0-C-1] INFO  o.apache.kafka.clients.NetworkClient - [Consumer clientId=consumer-notification-id-1, groupId=notification-id] Node -1 disconnected.
2026-03-21 00:37:56.425 [org.springframework.kafka.KafkaListenerEndpointContainer#0-0-C-1] INFO  o.apache.kafka.clients.NetworkClient - [Consumer clientId=consumer-notification-id-1, groupId=notification-id] Node -1 disconnected.
2026-03-21 00:37:57.427 [org.springframework.kafka.KafkaListenerEndpointContainer#0-0-C-1] INFO  o.apache.kafka.clients.NetworkClient - [Consumer clientId=consumer-notification-id-1, groupId=notification-id] Node -1 disconnected.
2026-03-21 00:37:58.428 [org.springframework.kafka.KafkaListenerEndpointContainer#0-0-C-1] INFO  o.apache.kafka.clients.NetworkClient - [Consumer clientId=consumer-notification-id-1, groupId=notification-id] Node -1 disconnected.
2026-03-21 00:37:59.350 [org.springframework.kafka.KafkaListenerEndpointContainer#0-0-C-1] INFO  o.apache.kafka.clients.NetworkClient - [Consumer clientId=consumer-notification-id-1, groupId=notification-id] Node -1 disconnected.
2026-03-21 00:38:00.257 [org.springframework.kafka.KafkaListenerEndpointContainer#0-0-C-1] INFO  o.apache.kafka.clients.NetworkClient - [Consumer clientId=consumer-notification-id-1, groupId=notification-id] Node -1 disconnected.
2026-03-21 00:38:01.300 [org.springframework.kafka.KafkaListenerEndpointContainer#0-0-C-1] INFO  o.apache.kafka.clients.NetworkClient - [Consumer clientId=consumer-notification-id-1, groupId=notification-id] Node -1 disconnected.
2026-03-21 00:38:02.304 [org.springframework.kafka.KafkaListenerEndpointContainer#0-0-C-1] INFO  o.apache.kafka.clients.NetworkClient - [Consumer clientId=consumer-notification-id-1, groupId=notification-id] Node -1 disconnected.
2026-03-21 00:38:03.116 [org.springframework.kafka.KafkaListenerEndpointContainer#0-0-C-1] INFO  o.apache.kafka.clients.NetworkClient - [Consumer clientId=consumer-notification-id-1, groupId=notification-id] Node -1 disconnected.
2026-03-21 00:38:04.014 [org.springframework.kafka.KafkaListenerEndpointContainer#0-0-C-1] INFO  o.apache.kafka.clients.NetworkClient - [Consumer clientId=consumer-notification-id-1, groupId=notification-id] Node -1 disconnected.
2026-03-21 00:38:04.850 [org.springframework.kafka.KafkaListenerEndpointContainer#0-0-C-1] INFO  o.apache.kafka.clients.NetworkClient - [Consumer clientId=consumer-notification-id-1, groupId=notification-id] Node -1 disconnected.
2026-03-21 00:38:05.896 [org.springframework.kafka.KafkaListenerEndpointContainer#0-0-C-1] INFO  o.apache.kafka.clients.NetworkClient - [Consumer clientId=consumer-notification-id-1, groupId=notification-id] Node -1 disconnected.
2026-03-21 00:38:06.907 [org.springframework.kafka.KafkaListenerEndpointContainer#0-0-C-1] INFO  o.apache.kafka.clients.NetworkClient - [Consumer clientId=consumer-notification-id-1, groupId=notification-id] Node -1 disconnected.
2026-03-21 00:38:07.920 [org.springframework.kafka.KafkaListenerEndpointContainer#0-0-C-1] INFO  o.apache.kafka.clients.NetworkClient - [Consumer clientId=consumer-notification-id-1, groupId=notification-id] Node -1 disconnected.
2026-03-21 00:38:08.789 [org.springframework.kafka.KafkaListenerEndpointContainer#0-0-C-1] INFO  o.apache.kafka.clients.NetworkClient - [Consumer clientId=consumer-notification-id-1, groupId=notification-id] Node -1 disconnected.
2026-03-21 00:38:09.731 [org.springframework.kafka.KafkaListenerEndpointContainer#0-0-C-1] INFO  o.apache.kafka.clients.NetworkClient - [Consumer clientId=consumer-notification-id-1, groupId=notification-id] Node -1 disconnected.
2026-03-21 00:38:10.747 [org.springframework.kafka.KafkaListenerEndpointContainer#0-0-C-1] INFO  o.apache.kafka.clients.NetworkClient - [Consumer clientId=consumer-notification-id-1, groupId=notification-id] Node -1 disconnected.
2026-03-21 00:38:11.611 [org.springframework.kafka.KafkaListenerEndpointContainer#0-0-C-1] INFO  o.apache.kafka.clients.NetworkClient - [Consumer clientId=consumer-notification-id-1, groupId=notification-id] Node -1 disconnected.
2026-03-21 00:38:12.580 [org.springframework.kafka.KafkaListenerEndpointContainer#0-0-C-1] INFO  o.apache.kafka.clients.NetworkClient - [Consumer clientId=consumer-notification-id-1, groupId=notification-id] Node -1 disconnected.
2026-03-21 00:38:13.625 [org.springframework.kafka.KafkaListenerEndpointContainer#0-0-C-1] INFO  o.apache.kafka.clients.NetworkClient - [Consumer clientId=consumer-notification-id-1, groupId=notification-id] Node -1 disconnected.
2026-03-21 00:38:14.658 [org.springframework.kafka.KafkaListenerEndpointContainer#0-0-C-1] INFO  o.apache.kafka.clients.NetworkClient - [Consumer clientId=consumer-notification-id-1, groupId=notification-id] Node -1 disconnected.
2026-03-21 00:38:15.597 [org.springframework.kafka.KafkaListenerEndpointContainer#0-0-C-1] INFO  o.apache.kafka.clients.NetworkClient - [Consumer clientId=consumer-notification-id-1, groupId=notification-id] Node -1 disconnected.
2026-03-21 00:38:16.626 [org.springframework.kafka.KafkaListenerEndpointContainer#0-0-C-1] INFO  o.apache.kafka.clients.NetworkClient - [Consumer clientId=consumer-notification-id-1, groupId=notification-id] Node -1 disconnected.
2026-03-21 00:38:17.565 [org.springframework.kafka.KafkaListenerEndpointContainer#0-0-C-1] INFO  o.apache.kafka.clients.NetworkClient - [Consumer clientId=consumer-notification-id-1, groupId=notification-id] Node -1 disconnected.
2026-03-21 00:38:18.607 [org.springframework.kafka.KafkaListenerEndpointContainer#0-0-C-1] INFO  o.apache.kafka.clients.NetworkClient - [Consumer clientId=consumer-notification-id-1, groupId=notification-id] Node -1 disconnected.
2026-03-21 00:38:18.610 [org.springframework.kafka.KafkaListenerEndpointContainer#0-0-C-1] INFO  o.a.k.c.c.i.ConsumerCoordinator - [Consumer clientId=consumer-notification-id-1, groupId=notification-id] Resetting generation and member id due to: consumer pro-actively leaving the group
2026-03-21 00:38:18.610 [org.springframework.kafka.KafkaListenerEndpointContainer#0-0-C-1] INFO  o.a.k.c.c.i.ConsumerCoordinator - [Consumer clientId=consumer-notification-id-1, groupId=notification-id] Request joining group due to: consumer pro-actively leaving the group
2026-03-21 00:38:18.610 [org.springframework.kafka.KafkaListenerEndpointContainer#0-0-C-1] INFO  o.a.k.c.c.i.LegacyKafkaConsumer - [Consumer clientId=consumer-notification-id-1, groupId=notification-id] Unsubscribed all topics or patterns and assigned partitions
2026-03-21 00:38:18.615 [org.springframework.kafka.KafkaListenerEndpointContainer#0-0-C-1] INFO  o.a.k.c.c.i.ConsumerCoordinator - [Consumer clientId=consumer-notification-id-1, groupId=notification-id] Resetting generation and member id due to: consumer pro-actively leaving the group
2026-03-21 00:38:18.615 [org.springframework.kafka.KafkaListenerEndpointContainer#0-0-C-1] INFO  o.a.k.c.c.i.ConsumerCoordinator - [Consumer clientId=consumer-notification-id-1, groupId=notification-id] Request joining group due to: consumer pro-actively leaving the group
2026-03-21 00:38:18.641 [org.springframework.kafka.KafkaListenerEndpointContainer#0-0-C-1] INFO  o.a.kafka.common.metrics.Metrics - Metrics scheduler closed
2026-03-21 00:38:18.641 [org.springframework.kafka.KafkaListenerEndpointContainer#0-0-C-1] INFO  o.a.kafka.common.metrics.Metrics - Closing reporter org.apache.kafka.common.metrics.JmxReporter
2026-03-21 00:38:18.641 [org.springframework.kafka.KafkaListenerEndpointContainer#0-0-C-1] INFO  o.a.kafka.common.metrics.Metrics - Closing reporter org.apache.kafka.common.telemetry.internals.ClientTelemetryReporter
2026-03-21 00:38:18.642 [org.springframework.kafka.KafkaListenerEndpointContainer#0-0-C-1] INFO  o.a.kafka.common.metrics.Metrics - Metrics reporters closed
2026-03-21 00:38:18.674 [org.springframework.kafka.KafkaListenerEndpointContainer#0-0-C-1] INFO  o.a.kafka.common.utils.AppInfoParser - App info kafka.consumer for consumer-notification-id-1 unregistered
2026-03-21 00:38:18.675 [org.springframework.kafka.KafkaListenerEndpointContainer#0-0-C-1] INFO  o.s.k.l.KafkaMessageListenerContainer - notification-id: Consumer stopped
2026-03-21 00:38:18.732 [SpringApplicationShutdownHook] INFO  o.s.o.j.LocalContainerEntityManagerFactoryBean - Closing JPA EntityManagerFactory for persistence unit 'default'
2026-03-21 00:38:18.750 [SpringApplicationShutdownHook] INFO  com.zaxxer.hikari.HikariDataSource - HikariCP - Shutdown initiated...
2026-03-21 00:38:18.938 [SpringApplicationShutdownHook] INFO  com.zaxxer.hikari.HikariDataSource - HikariCP - Shutdown completed.
